The keyboard is in raw (scancode) mode
Changing to the requested mode may make your keyboard unusable, please use -f to force the change.
