Loading /lib/kbd/keymaps/i386/qwerty/ru4.map
keycode 1, table 0 = 27
keycode 2, table 0 = 49
keycode 3, table 0 = 50
keycode 4, table 0 = 51
keycode 5, table 0 = 52
keycode 6, table 0 = 53
keycode 7, table 0 = 54
keycode 8, table 0 = 55
keycode 9, table 0 = 56
keycode 10, table 0 = 57
keycode 11, table 0 = 48
keycode 12, table 0 = 45
keycode 13, table 0 = 61
keycode 14, table 0 = 127
keycode 15, table 0 = 9
keycode 16, table 0 = 2929
keycode 17, table 0 = 2935
keycode 18, table 0 = 2917
keycode 19, table 0 = 2930
keycode 20, table 0 = 2932
keycode 21, table 0 = 2937
keycode 22, table 0 = 2933
keycode 23, table 0 = 2921
keycode 24, table 0 = 2927
keycode 25, table 0 = 2928
keycode 26, table 0 = 91
keycode 27, table 0 = 93
keycode 28, table 0 = 513
keycode 29, table 0 = 1794
keycode 30, table 0 = 2913
keycode 31, table 0 = 2931
keycode 32, table 0 = 2916
keycode 33, table 0 = 2918
keycode 34, table 0 = 2919
keycode 35, table 0 = 2920
keycode 36, table 0 = 2922
keycode 37, table 0 = 2923
keycode 38, table 0 = 2924
keycode 39, table 0 = 59
keycode 40, table 0 = 39
keycode 41, table 0 = 96
keycode 42, table 0 = 1792
keycode 43, table 0 = 92
keycode 44, table 0 = 2938
keycode 45, table 0 = 2936
keycode 46, table 0 = 2915
keycode 47, table 0 = 2934
keycode 48, table 0 = 2914
keycode 49, table 0 = 2926
keycode 50, table 0 = 2925
keycode 51, table 0 = 44
keycode 52, table 0 = 46
keycode 53, table 0 = 47
keycode 54, table 0 = 1792
keycode 55, table 0 = 780
keycode 56, table 0 = 1795
keycode 57, table 0 = 32
keycode 58, table 0 = 2561
keycode 59, table 0 = 256
keycode 60, table 0 = 257
keycode 61, table 0 = 258
keycode 62, table 0 = 259
keycode 63, table 0 = 260
keycode 64, table 0 = 261
keycode 65, table 0 = 262
keycode 66, table 0 = 263
keycode 67, table 0 = 264
keycode 68, table 0 = 265
keycode 69, table 0 = 520
keycode 70, table 0 = 521
keycode 71, table 0 = 775
keycode 72, table 0 = 776
keycode 73, table 0 = 777
keycode 74, table 0 = 779
keycode 75, table 0 = 772
keycode 76, table 0 = 773
keycode 77, table 0 = 774
keycode 78, table 0 = 778
keycode 79, table 0 = 769
keycode 80, table 0 = 770
keycode 81, table 0 = 771
keycode 82, table 0 = 768
keycode 83, table 0 = 784
keycode 84, table 0 = 518
keycode 86, table 0 = 60
keycode 87, table 0 = 266
keycode 88, table 0 = 267
keycode 96, table 0 = 782
keycode 97, table 0 = 1794
keycode 98, table 0 = 781
keycode 99, table 0 = 512
keycode 100, table 0 = 1793
keycode 101, table 0 = 517
keycode 102, table 0 = 276
keycode 103, table 0 = 1539
keycode 104, table 0 = 280
keycode 105, table 0 = 1537
keycode 106, table 0 = 1538
keycode 107, table 0 = 279
keycode 108, table 0 = 1536
keycode 109, table 0 = 281
keycode 110, table 0 = 277
keycode 111, table 0 = 278
keycode 1, table 1 = 27
keycode 2, table 1 = 33
keycode 3, table 1 = 64
keycode 4, table 1 = 35
keycode 5, table 1 = 36
keycode 6, table 1 = 37
keycode 7, table 1 = 94
keycode 8, table 1 = 38
keycode 9, table 1 = 42
keycode 10, table 1 = 40
keycode 11, table 1 = 41
keycode 12, table 1 = 95
keycode 13, table 1 = 43
keycode 14, table 1 = 127
keycode 15, table 1 = 9
keycode 16, table 1 = 2897
keycode 17, table 1 = 2903
keycode 18, table 1 = 2885
keycode 19, table 1 = 2898
keycode 20, table 1 = 2900
keycode 21, table 1 = 2905
keycode 22, table 1 = 2901
keycode 23, table 1 = 2889
keycode 24, table 1 = 2895
keycode 25, table 1 = 2896
keycode 26, table 1 = 123
keycode 27, table 1 = 125
keycode 28, table 1 = 513
keycode 29, table 1 = 1794
keycode 30, table 1 = 2881
keycode 31, table 1 = 2899
keycode 32, table 1 = 2884
keycode 33, table 1 = 2886
keycode 34, table 1 = 2887
keycode 35, table 1 = 2888
keycode 36, table 1 = 2890
keycode 37, table 1 = 2891
keycode 38, table 1 = 2892
keycode 39, table 1 = 58
keycode 40, table 1 = 34
keycode 41, table 1 = 126
keycode 42, table 1 = 1792
keycode 43, table 1 = 124
keycode 44, table 1 = 2906
keycode 45, table 1 = 2904
keycode 46, table 1 = 2883
keycode 47, table 1 = 2902
keycode 48, table 1 = 2882
keycode 49, table 1 = 2894
keycode 50, table 1 = 2893
keycode 51, table 1 = 60
keycode 52, table 1 = 62
keycode 53, table 1 = 63
keycode 54, table 1 = 1792
keycode 55, table 1 = 780
keycode 56, table 1 = 1795
keycode 57, table 1 = 32
keycode 58, table 1 = 519
keycode 59, table 1 = 266
keycode 60, table 1 = 267
keycode 61, table 1 = 268
keycode 62, table 1 = 269
keycode 63, table 1 = 270
keycode 64, table 1 = 271
keycode 65, table 1 = 272
keycode 66, table 1 = 273
keycode 67, table 1 = 274
keycode 68, table 1 = 275
keycode 69, table 1 = 520
keycode 70, table 1 = 515
keycode 71, table 1 = 775
keycode 72, table 1 = 776
keycode 73, table 1 = 777
keycode 74, table 1 = 779
keycode 75, table 1 = 772
keycode 76, table 1 = 773
keycode 77, table 1 = 774
keycode 78, table 1 = 778
keycode 79, table 1 = 769
keycode 80, table 1 = 770
keycode 81, table 1 = 771
keycode 82, table 1 = 768
keycode 83, table 1 = 784
keycode 84, table 1 = 518
keycode 86, table 1 = 62
keycode 87, table 1 = 266
keycode 88, table 1 = 267
keycode 96, table 1 = 782
keycode 97, table 1 = 1794
keycode 98, table 1 = 781
keycode 99, table 1 = 512
keycode 100, table 1 = 1793
keycode 101, table 1 = 517
keycode 102, table 1 = 276
keycode 103, table 1 = 1539
keycode 104, table 1 = 523
keycode 105, table 1 = 1537
keycode 106, table 1 = 1538
keycode 107, table 1 = 279
keycode 108, table 1 = 1536
keycode 109, table 1 = 522
keycode 110, table 1 = 277
keycode 111, table 1 = 278
keycode 1, table 2 = 27
keycode 2, table 2 = 49
keycode 3, table 2 = 50
keycode 4, table 2 = 51
keycode 5, table 2 = 52
keycode 6, table 2 = 53
keycode 7, table 2 = 54
keycode 8, table 2 = 55
keycode 9, table 2 = 56
keycode 10, table 2 = 57
keycode 11, table 2 = 48
keycode 12, table 2 = 45
keycode 13, table 2 = 61
keycode 14, table 2 = 127
keycode 15, table 2 = 9
keycode 16, table 2 = 61642
keycode 17, table 2 = 61635
keycode 18, table 2 = 61653
keycode 19, table 2 = 61643
keycode 20, table 2 = 61637
keycode 21, table 2 = 61646
keycode 22, table 2 = 61639
keycode 23, table 2 = 61659
keycode 24, table 2 = 61661
keycode 25, table 2 = 61658
keycode 26, table 2 = 61640
keycode 27, table 2 = 61663
keycode 28, table 2 = 513
keycode 29, table 2 = 1794
keycode 30, table 2 = 61638
keycode 31, table 2 = 61657
keycode 32, table 2 = 61655
keycode 33, table 2 = 61633
keycode 34, table 2 = 61648
keycode 35, table 2 = 61650
keycode 36, table 2 = 61647
keycode 37, table 2 = 61644
keycode 38, table 2 = 61636
keycode 39, table 2 = 61654
keycode 40, table 2 = 61660
keycode 41, table 2 = 61603
keycode 42, table 2 = 1792
keycode 43, table 2 = 47
keycode 44, table 2 = 61649
keycode 45, table 2 = 61662
keycode 46, table 2 = 61651
keycode 47, table 2 = 61645
keycode 48, table 2 = 61641
keycode 49, table 2 = 61652
keycode 50, table 2 = 61656
keycode 51, table 2 = 61634
keycode 52, table 2 = 61632
keycode 53, table 2 = 46
keycode 54, table 2 = 1792
keycode 55, table 2 = 780
keycode 56, table 2 = 1795
keycode 57, table 2 = 32
keycode 58, table 2 = 2561
keycode 59, table 2 = 256
keycode 60, table 2 = 257
keycode 61, table 2 = 258
keycode 62, table 2 = 259
keycode 63, table 2 = 260
keycode 64, table 2 = 261
keycode 65, table 2 = 262
keycode 66, table 2 = 263
keycode 67, table 2 = 264
keycode 68, table 2 = 265
keycode 69, table 2 = 520
keycode 70, table 2 = 514
keycode 71, table 2 = 775
keycode 72, table 2 = 776
keycode 73, table 2 = 777
keycode 74, table 2 = 779
keycode 75, table 2 = 772
keycode 76, table 2 = 773
keycode 77, table 2 = 774
keycode 78, table 2 = 778
keycode 79, table 2 = 769
keycode 80, table 2 = 770
keycode 81, table 2 = 771
keycode 82, table 2 = 768
keycode 83, table 2 = 784
keycode 84, table 2 = 518
keycode 86, table 2 = 124
keycode 87, table 2 = 266
keycode 88, table 2 = 267
keycode 96, table 2 = 782
keycode 97, table 2 = 1794
keycode 98, table 2 = 781
keycode 99, table 2 = 512
keycode 100, table 2 = 1793
keycode 101, table 2 = 517
keycode 102, table 2 = 276
keycode 103, table 2 = 1539
keycode 104, table 2 = 280
keycode 105, table 2 = 1537
keycode 106, table 2 = 1538
keycode 107, table 2 = 279
keycode 108, table 2 = 1536
keycode 109, table 2 = 281
keycode 110, table 2 = 277
keycode 111, table 2 = 278
keycode 1, table 3 = 27
keycode 2, table 3 = 33
keycode 3, table 3 = 34
keycode 4, table 3 = 35
keycode 5, table 3 = 59
keycode 6, table 3 = 37
keycode 7, table 3 = 58
keycode 8, table 3 = 63
keycode 9, table 3 = 42
keycode 10, table 3 = 40
keycode 11, table 3 = 41
keycode 12, table 3 = 95
keycode 13, table 3 = 43
keycode 14, table 3 = 127
keycode 15, table 3 = 9
keycode 16, table 3 = 61674
keycode 17, table 3 = 61667
keycode 18, table 3 = 61685
keycode 19, table 3 = 61675
keycode 20, table 3 = 61669
keycode 21, table 3 = 61678
keycode 22, table 3 = 61671
keycode 23, table 3 = 61691
keycode 24, table 3 = 61693
keycode 25, table 3 = 61690
keycode 26, table 3 = 61672
keycode 27, table 3 = 61695
keycode 28, table 3 = 513
keycode 29, table 3 = 1794
keycode 30, table 3 = 61670
keycode 31, table 3 = 61689
keycode 32, table 3 = 61687
keycode 33, table 3 = 61665
keycode 34, table 3 = 61680
keycode 35, table 3 = 61682
keycode 36, table 3 = 61679
keycode 37, table 3 = 61676
keycode 38, table 3 = 61668
keycode 39, table 3 = 61686
keycode 40, table 3 = 61692
keycode 41, table 3 = 61619
keycode 42, table 3 = 1792
keycode 43, table 3 = 124
keycode 44, table 3 = 61681
keycode 45, table 3 = 61694
keycode 46, table 3 = 61683
keycode 47, table 3 = 61677
keycode 48, table 3 = 61673
keycode 49, table 3 = 61684
keycode 50, table 3 = 61688
keycode 51, table 3 = 61666
keycode 52, table 3 = 61664
keycode 53, table 3 = 44
keycode 54, table 3 = 1792
keycode 55, table 3 = 780
keycode 56, table 3 = 1795
keycode 57, table 3 = 32
keycode 58, table 3 = 519
keycode 59, table 3 = 266
keycode 60, table 3 = 267
keycode 61, table 3 = 268
keycode 62, table 3 = 269
keycode 63, table 3 = 270
keycode 64, table 3 = 271
keycode 65, table 3 = 272
keycode 66, table 3 = 273
keycode 67, table 3 = 274
keycode 68, table 3 = 275
keycode 69, table 3 = 520
keycode 71, table 3 = 775
keycode 72, table 3 = 776
keycode 73, table 3 = 777
keycode 74, table 3 = 779
keycode 75, table 3 = 772
keycode 76, table 3 = 773
keycode 77, table 3 = 774
keycode 78, table 3 = 778
keycode 79, table 3 = 769
keycode 80, table 3 = 770
keycode 81, table 3 = 771
keycode 82, table 3 = 768
keycode 83, table 3 = 784
keycode 84, table 3 = 518
keycode 87, table 3 = 266
keycode 88, table 3 = 267
keycode 96, table 3 = 782
keycode 97, table 3 = 1794
keycode 98, table 3 = 781
keycode 99, table 3 = 512
keycode 100, table 3 = 1793
keycode 101, table 3 = 517
keycode 102, table 3 = 276
keycode 103, table 3 = 1539
keycode 104, table 3 = 523
keycode 105, table 3 = 1537
keycode 106, table 3 = 1538
keycode 107, table 3 = 279
keycode 108, table 3 = 1536
keycode 109, table 3 = 522
keycode 110, table 3 = 277
keycode 111, table 3 = 278
keycode 3, table 4 = 0
keycode 4, table 4 = 27
keycode 5, table 4 = 28
keycode 6, table 4 = 29
keycode 7, table 4 = 30
keycode 8, table 4 = 31
keycode 9, table 4 = 127
keycode 12, table 4 = 31
keycode 16, table 4 = 17
keycode 17, table 4 = 23
keycode 18, table 4 = 5
keycode 19, table 4 = 18
keycode 20, table 4 = 20
keycode 21, table 4 = 25
keycode 22, table 4 = 21
keycode 23, table 4 = 9
keycode 24, table 4 = 15
keycode 25, table 4 = 16
keycode 26, table 4 = 27
keycode 27, table 4 = 29
keycode 28, table 4 = 10
keycode 29, table 4 = 1794
keycode 30, table 4 = 1
keycode 31, table 4 = 19
keycode 32, table 4 = 4
keycode 33, table 4 = 6
keycode 34, table 4 = 7
keycode 35, table 4 = 8
keycode 36, table 4 = 10
keycode 37, table 4 = 11
keycode 38, table 4 = 12
keycode 40, table 4 = 7
keycode 41, table 4 = 0
keycode 42, table 4 = 1792
keycode 43, table 4 = 28
keycode 44, table 4 = 26
keycode 45, table 4 = 24
keycode 46, table 4 = 3
keycode 47, table 4 = 22
keycode 48, table 4 = 2
keycode 49, table 4 = 14
keycode 50, table 4 = 13
keycode 53, table 4 = 127
keycode 54, table 4 = 1792
keycode 55, table 4 = 780
keycode 56, table 4 = 1795
keycode 57, table 4 = 0
keycode 58, table 4 = 2561
keycode 59, table 4 = 256
keycode 60, table 4 = 257
keycode 61, table 4 = 258
keycode 62, table 4 = 259
keycode 63, table 4 = 260
keycode 64, table 4 = 261
keycode 65, table 4 = 262
keycode 66, table 4 = 263
keycode 67, table 4 = 264
keycode 68, table 4 = 265
keycode 69, table 4 = 520
keycode 70, table 4 = 516
keycode 71, table 4 = 775
keycode 72, table 4 = 776
keycode 73, table 4 = 777
keycode 74, table 4 = 779
keycode 75, table 4 = 772
keycode 76, table 4 = 773
keycode 77, table 4 = 774
keycode 78, table 4 = 778
keycode 79, table 4 = 769
keycode 80, table 4 = 770
keycode 81, table 4 = 771
keycode 82, table 4 = 768
keycode 83, table 4 = 784
keycode 84, table 4 = 518
keycode 87, table 4 = 266
keycode 88, table 4 = 267
keycode 96, table 4 = 782
keycode 97, table 4 = 1794
keycode 98, table 4 = 781
keycode 99, table 4 = 28
keycode 100, table 4 = 1793
keycode 101, table 4 = 517
keycode 102, table 4 = 276
keycode 103, table 4 = 1539
keycode 104, table 4 = 280
keycode 105, table 4 = 1537
keycode 106, table 4 = 1538
keycode 107, table 4 = 279
keycode 108, table 4 = 1536
keycode 109, table 4 = 281
keycode 110, table 4 = 277
keycode 111, table 4 = 278
keycode 3, table 6 = 0
keycode 4, table 6 = 27
keycode 5, table 6 = 28
keycode 6, table 6 = 29
keycode 7, table 6 = 30
keycode 8, table 6 = 31
keycode 9, table 6 = 127
keycode 12, table 6 = 31
keycode 16, table 6 = 17
keycode 17, table 6 = 23
keycode 18, table 6 = 5
keycode 19, table 6 = 18
keycode 20, table 6 = 20
keycode 21, table 6 = 25
keycode 22, table 6 = 21
keycode 23, table 6 = 9
keycode 24, table 6 = 15
keycode 25, table 6 = 16
keycode 26, table 6 = 27
keycode 27, table 6 = 29
keycode 28, table 6 = 10
keycode 29, table 6 = 1794
keycode 30, table 6 = 1
keycode 31, table 6 = 19
keycode 32, table 6 = 4
keycode 33, table 6 = 6
keycode 34, table 6 = 7
keycode 35, table 6 = 8
keycode 36, table 6 = 10
keycode 37, table 6 = 11
keycode 38, table 6 = 12
keycode 40, table 6 = 7
keycode 41, table 6 = 0
keycode 42, table 6 = 1792
keycode 43, table 6 = 28
keycode 44, table 6 = 26
keycode 45, table 6 = 24
keycode 46, table 6 = 3
keycode 47, table 6 = 22
keycode 48, table 6 = 2
keycode 49, table 6 = 14
keycode 50, table 6 = 13
keycode 53, table 6 = 127
keycode 54, table 6 = 1792
keycode 55, table 6 = 780
keycode 56, table 6 = 1795
keycode 57, table 6 = 0
keycode 58, table 6 = 2561
keycode 59, table 6 = 256
keycode 60, table 6 = 257
keycode 61, table 6 = 258
keycode 62, table 6 = 259
keycode 63, table 6 = 260
keycode 64, table 6 = 261
keycode 65, table 6 = 262
keycode 66, table 6 = 263
keycode 67, table 6 = 264
keycode 68, table 6 = 265
keycode 69, table 6 = 520
keycode 70, table 6 = 516
keycode 71, table 6 = 775
keycode 72, table 6 = 776
keycode 73, table 6 = 777
keycode 74, table 6 = 779
keycode 75, table 6 = 772
keycode 76, table 6 = 773
keycode 77, table 6 = 774
keycode 78, table 6 = 778
keycode 79, table 6 = 769
keycode 80, table 6 = 770
keycode 81, table 6 = 771
keycode 82, table 6 = 768
keycode 83, table 6 = 524
keycode 84, table 6 = 518
keycode 87, table 6 = 266
keycode 88, table 6 = 267
keycode 96, table 6 = 782
keycode 97, table 6 = 1794
keycode 98, table 6 = 781
keycode 99, table 6 = 28
keycode 100, table 6 = 1793
keycode 101, table 6 = 517
keycode 102, table 6 = 276
keycode 103, table 6 = 1539
keycode 104, table 6 = 280
keycode 105, table 6 = 1537
keycode 106, table 6 = 1538
keycode 107, table 6 = 279
keycode 108, table 6 = 1536
keycode 109, table 6 = 281
keycode 110, table 6 = 277
keycode 111, table 6 = 524
keycode 1, table 8 = 2075
keycode 2, table 8 = 2097
keycode 3, table 8 = 2098
keycode 4, table 8 = 2099
keycode 5, table 8 = 2100
keycode 6, table 8 = 2101
keycode 7, table 8 = 2102
keycode 8, table 8 = 2103
keycode 9, table 8 = 2104
keycode 10, table 8 = 2105
keycode 11, table 8 = 2096
keycode 12, table 8 = 2093
keycode 13, table 8 = 2109
keycode 14, table 8 = 2175
keycode 15, table 8 = 2057
keycode 16, table 8 = 2161
keycode 17, table 8 = 2167
keycode 18, table 8 = 2149
keycode 19, table 8 = 2162
keycode 20, table 8 = 2164
keycode 21, table 8 = 2169
keycode 22, table 8 = 2165
keycode 23, table 8 = 2153
keycode 24, table 8 = 2159
keycode 25, table 8 = 2160
keycode 26, table 8 = 2139
keycode 27, table 8 = 2141
keycode 28, table 8 = 2061
keycode 29, table 8 = 1794
keycode 30, table 8 = 2145
keycode 31, table 8 = 2163
keycode 32, table 8 = 2148
keycode 33, table 8 = 2150
keycode 34, table 8 = 2151
keycode 35, table 8 = 2152
keycode 36, table 8 = 2154
keycode 37, table 8 = 2155
keycode 38, table 8 = 2156
keycode 39, table 8 = 2107
keycode 40, table 8 = 2087
keycode 41, table 8 = 2144
keycode 42, table 8 = 1792
keycode 43, table 8 = 2140
keycode 44, table 8 = 2170
keycode 45, table 8 = 2168
keycode 46, table 8 = 2147
keycode 47, table 8 = 2166
keycode 48, table 8 = 2146
keycode 49, table 8 = 2158
keycode 50, table 8 = 2157
keycode 51, table 8 = 2092
keycode 52, table 8 = 2094
keycode 53, table 8 = 2095
keycode 54, table 8 = 1792
keycode 55, table 8 = 780
keycode 56, table 8 = 1795
keycode 57, table 8 = 2080
keycode 58, table 8 = 2561
keycode 59, table 8 = 1280
keycode 60, table 8 = 1281
keycode 61, table 8 = 1282
keycode 62, table 8 = 1283
keycode 63, table 8 = 1284
keycode 64, table 8 = 1285
keycode 65, table 8 = 1286
keycode 66, table 8 = 1287
keycode 67, table 8 = 1288
keycode 68, table 8 = 1289
keycode 69, table 8 = 520
keycode 70, table 8 = 521
keycode 71, table 8 = 2311
keycode 72, table 8 = 2312
keycode 73, table 8 = 2313
keycode 74, table 8 = 779
keycode 75, table 8 = 2308
keycode 76, table 8 = 2309
keycode 77, table 8 = 2310
keycode 78, table 8 = 778
keycode 79, table 8 = 2305
keycode 80, table 8 = 2306
keycode 81, table 8 = 2307
keycode 82, table 8 = 2304
keycode 83, table 8 = 784
keycode 84, table 8 = 518
keycode 86, table 8 = 2108
keycode 87, table 8 = 1290
keycode 88, table 8 = 1291
keycode 96, table 8 = 782
keycode 97, table 8 = 1794
keycode 98, table 8 = 781
keycode 99, table 8 = 28
keycode 100, table 8 = 1793
keycode 101, table 8 = 517
keycode 102, table 8 = 276
keycode 103, table 8 = 1539
keycode 104, table 8 = 280
keycode 105, table 8 = 528
keycode 106, table 8 = 529
keycode 107, table 8 = 279
keycode 108, table 8 = 1536
keycode 109, table 8 = 281
keycode 110, table 8 = 277
keycode 111, table 8 = 278
keycode 2, table 9 = 2081
keycode 3, table 9 = 2112
keycode 4, table 9 = 2083
keycode 5, table 9 = 2084
keycode 6, table 9 = 2085
keycode 7, table 9 = 2142
keycode 8, table 9 = 2086
keycode 9, table 9 = 2090
keycode 10, table 9 = 2088
keycode 11, table 9 = 2089
keycode 12, table 9 = 2143
keycode 13, table 9 = 2091
keycode 16, table 9 = 2129
keycode 17, table 9 = 2135
keycode 18, table 9 = 2117
keycode 19, table 9 = 2130
keycode 20, table 9 = 2132
keycode 21, table 9 = 2137
keycode 22, table 9 = 2133
keycode 23, table 9 = 2121
keycode 24, table 9 = 2127
keycode 25, table 9 = 2128
keycode 28, table 9 = 513
keycode 29, table 9 = 1794
keycode 30, table 9 = 2113
keycode 31, table 9 = 2131
keycode 32, table 9 = 2116
keycode 33, table 9 = 2118
keycode 34, table 9 = 2119
keycode 35, table 9 = 2120
keycode 36, table 9 = 2122
keycode 37, table 9 = 2123
keycode 38, table 9 = 2124
keycode 42, table 9 = 1792
keycode 43, table 9 = 2172
keycode 44, table 9 = 2138
keycode 45, table 9 = 2136
keycode 46, table 9 = 2115
keycode 47, table 9 = 2134
keycode 48, table 9 = 2114
keycode 49, table 9 = 2126
keycode 50, table 9 = 2125
keycode 51, table 9 = 2108
keycode 52, table 9 = 2110
keycode 53, table 9 = 2111
keycode 54, table 9 = 1792
keycode 55, table 9 = 780
keycode 56, table 9 = 1795
keycode 58, table 9 = 2561
keycode 69, table 9 = 520
keycode 71, table 9 = 775
keycode 72, table 9 = 776
keycode 73, table 9 = 777
keycode 74, table 9 = 779
keycode 75, table 9 = 772
keycode 76, table 9 = 773
keycode 77, table 9 = 774
keycode 78, table 9 = 778
keycode 79, table 9 = 769
keycode 80, table 9 = 770
keycode 81, table 9 = 771
keycode 82, table 9 = 768
keycode 83, table 9 = 784
keycode 84, table 9 = 518
keycode 96, table 9 = 782
keycode 97, table 9 = 1794
keycode 98, table 9 = 781
keycode 99, table 9 = 512
keycode 100, table 9 = 1793
keycode 101, table 9 = 517
keycode 102, table 9 = 276
keycode 103, table 9 = 1539
keycode 104, table 9 = 280
keycode 105, table 9 = 1537
keycode 106, table 9 = 1538
keycode 107, table 9 = 279
keycode 108, table 9 = 1536
keycode 109, table 9 = 281
keycode 110, table 9 = 277
keycode 111, table 9 = 278
keycode 1, table 10 = 2075
keycode 2, table 10 = 2097
keycode 3, table 10 = 2098
keycode 4, table 10 = 2099
keycode 5, table 10 = 2100
keycode 6, table 10 = 2101
keycode 7, table 10 = 2102
keycode 8, table 10 = 2103
keycode 9, table 10 = 2104
keycode 10, table 10 = 2105
keycode 11, table 10 = 2096
keycode 12, table 10 = 2093
keycode 13, table 10 = 2109
keycode 14, table 10 = 2175
keycode 15, table 10 = 2057
keycode 16, table 10 = 2161
keycode 17, table 10 = 2167
keycode 18, table 10 = 2149
keycode 19, table 10 = 2162
keycode 20, table 10 = 2164
keycode 21, table 10 = 2169
keycode 22, table 10 = 2165
keycode 23, table 10 = 2153
keycode 24, table 10 = 2159
keycode 25, table 10 = 2160
keycode 26, table 10 = 2139
keycode 27, table 10 = 2141
keycode 28, table 10 = 2061
keycode 29, table 10 = 1794
keycode 30, table 10 = 2145
keycode 31, table 10 = 2163
keycode 32, table 10 = 2148
keycode 33, table 10 = 2150
keycode 34, table 10 = 2151
keycode 35, table 10 = 2152
keycode 36, table 10 = 2154
keycode 37, table 10 = 2155
keycode 38, table 10 = 2156
keycode 39, table 10 = 2107
keycode 40, table 10 = 2087
keycode 41, table 10 = 2144
keycode 42, table 10 = 1792
keycode 43, table 10 = 2140
keycode 44, table 10 = 2170
keycode 45, table 10 = 2168
keycode 46, table 10 = 2147
keycode 47, table 10 = 2166
keycode 48, table 10 = 2146
keycode 49, table 10 = 2158
keycode 50, table 10 = 2157
keycode 51, table 10 = 2092
keycode 52, table 10 = 2094
keycode 53, table 10 = 2095
keycode 54, table 10 = 1792
keycode 55, table 10 = 780
keycode 56, table 10 = 1795
keycode 57, table 10 = 2080
keycode 58, table 10 = 2561
keycode 59, table 10 = 1280
keycode 60, table 10 = 1281
keycode 61, table 10 = 1282
keycode 62, table 10 = 1283
keycode 63, table 10 = 1284
keycode 64, table 10 = 1285
keycode 65, table 10 = 1286
keycode 66, table 10 = 1287
keycode 67, table 10 = 1288
keycode 68, table 10 = 1289
keycode 69, table 10 = 520
keycode 70, table 10 = 521
keycode 71, table 10 = 2311
keycode 72, table 10 = 2312
keycode 73, table 10 = 2313
keycode 74, table 10 = 779
keycode 75, table 10 = 2308
keycode 76, table 10 = 2309
keycode 77, table 10 = 2310
keycode 78, table 10 = 778
keycode 79, table 10 = 2305
keycode 80, table 10 = 2306
keycode 81, table 10 = 2307
keycode 82, table 10 = 2304
keycode 83, table 10 = 784
keycode 84, table 10 = 518
keycode 86, table 10 = 2108
keycode 87, table 10 = 1290
keycode 88, table 10 = 1291
keycode 96, table 10 = 782
keycode 97, table 10 = 1794
keycode 98, table 10 = 781
keycode 99, table 10 = 28
keycode 100, table 10 = 1793
keycode 101, table 10 = 517
keycode 102, table 10 = 276
keycode 103, table 10 = 1539
keycode 104, table 10 = 280
keycode 105, table 10 = 1537
keycode 106, table 10 = 1538
keycode 107, table 10 = 279
keycode 108, table 10 = 1536
keycode 109, table 10 = 281
keycode 110, table 10 = 277
keycode 111, table 10 = 278
keycode 2, table 11 = 2081
keycode 3, table 11 = 2112
keycode 4, table 11 = 2083
keycode 5, table 11 = 2084
keycode 6, table 11 = 2085
keycode 7, table 11 = 2142
keycode 8, table 11 = 2086
keycode 9, table 11 = 2090
keycode 10, table 11 = 2088
keycode 11, table 11 = 2089
keycode 12, table 11 = 2143
keycode 13, table 11 = 2091
keycode 16, table 11 = 2129
keycode 17, table 11 = 2135
keycode 18, table 11 = 2117
keycode 19, table 11 = 2130
keycode 20, table 11 = 2132
keycode 21, table 11 = 2137
keycode 22, table 11 = 2133
keycode 23, table 11 = 2121
keycode 24, table 11 = 2127
keycode 25, table 11 = 2128
keycode 28, table 11 = 513
keycode 29, table 11 = 1794
keycode 30, table 11 = 2113
keycode 31, table 11 = 2131
keycode 32, table 11 = 2116
keycode 33, table 11 = 2118
keycode 34, table 11 = 2119
keycode 35, table 11 = 2120
keycode 36, table 11 = 2122
keycode 37, table 11 = 2123
keycode 38, table 11 = 2124
keycode 42, table 11 = 1792
keycode 43, table 11 = 2172
keycode 44, table 11 = 2138
keycode 45, table 11 = 2136
keycode 46, table 11 = 2115
keycode 47, table 11 = 2134
keycode 48, table 11 = 2114
keycode 49, table 11 = 2126
keycode 50, table 11 = 2125
keycode 51, table 11 = 2108
keycode 52, table 11 = 2110
keycode 53, table 11 = 2111
keycode 54, table 11 = 1792
keycode 55, table 11 = 780
keycode 56, table 11 = 1795
keycode 58, table 11 = 2561
keycode 69, table 11 = 520
keycode 71, table 11 = 775
keycode 72, table 11 = 776
keycode 73, table 11 = 777
keycode 74, table 11 = 779
keycode 75, table 11 = 772
keycode 76, table 11 = 773
keycode 77, table 11 = 774
keycode 78, table 11 = 778
keycode 79, table 11 = 769
keycode 80, table 11 = 770
keycode 81, table 11 = 771
keycode 82, table 11 = 768
keycode 83, table 11 = 784
keycode 84, table 11 = 518
keycode 96, table 11 = 782
keycode 97, table 11 = 1794
keycode 98, table 11 = 781
keycode 99, table 11 = 512
keycode 100, table 11 = 1793
keycode 101, table 11 = 517
keycode 102, table 11 = 276
keycode 103, table 11 = 1539
keycode 104, table 11 = 280
keycode 105, table 11 = 1537
keycode 106, table 11 = 1538
keycode 107, table 11 = 279
keycode 108, table 11 = 1536
keycode 109, table 11 = 281
keycode 110, table 11 = 277
keycode 111, table 11 = 278
keycode 16, table 12 = 2065
keycode 17, table 12 = 2071
keycode 18, table 12 = 2053
keycode 19, table 12 = 2066
keycode 20, table 12 = 2068
keycode 21, table 12 = 2073
keycode 22, table 12 = 2069
keycode 23, table 12 = 2057
keycode 24, table 12 = 2063
keycode 25, table 12 = 2064
keycode 28, table 12 = 513
keycode 29, table 12 = 1794
keycode 30, table 12 = 2049
keycode 31, table 12 = 2067
keycode 32, table 12 = 2052
keycode 33, table 12 = 2054
keycode 34, table 12 = 2055
keycode 35, table 12 = 2056
keycode 36, table 12 = 2058
keycode 37, table 12 = 2059
keycode 38, table 12 = 2060
keycode 42, table 12 = 1792
keycode 44, table 12 = 2074
keycode 45, table 12 = 2072
keycode 46, table 12 = 2051
keycode 47, table 12 = 2070
keycode 48, table 12 = 2050
keycode 49, table 12 = 2062
keycode 50, table 12 = 2061
keycode 54, table 12 = 1792
keycode 55, table 12 = 780
keycode 56, table 12 = 1795
keycode 58, table 12 = 2561
keycode 59, table 12 = 1280
keycode 60, table 12 = 1281
keycode 61, table 12 = 1282
keycode 62, table 12 = 1283
keycode 63, table 12 = 1284
keycode 64, table 12 = 1285
keycode 65, table 12 = 1286
keycode 66, table 12 = 1287
keycode 67, table 12 = 1288
keycode 68, table 12 = 1289
keycode 69, table 12 = 520
keycode 71, table 12 = 775
keycode 72, table 12 = 776
keycode 73, table 12 = 777
keycode 74, table 12 = 779
keycode 75, table 12 = 772
keycode 76, table 12 = 773
keycode 77, table 12 = 774
keycode 78, table 12 = 778
keycode 79, table 12 = 769
keycode 80, table 12 = 770
keycode 81, table 12 = 771
keycode 82, table 12 = 768
keycode 83, table 12 = 524
keycode 84, table 12 = 518
keycode 87, table 12 = 1290
keycode 88, table 12 = 1291
keycode 96, table 12 = 782
keycode 97, table 12 = 1794
keycode 98, table 12 = 781
keycode 99, table 12 = 512
keycode 100, table 12 = 1793
keycode 101, table 12 = 517
keycode 102, table 12 = 276
keycode 103, table 12 = 1539
keycode 104, table 12 = 280
keycode 105, table 12 = 1537
keycode 106, table 12 = 1538
keycode 107, table 12 = 279
keycode 108, table 12 = 1536
keycode 109, table 12 = 281
keycode 110, table 12 = 277
keycode 111, table 12 = 524
keycode 16, table 14 = 2065
keycode 17, table 14 = 2071
keycode 18, table 14 = 2053
keycode 19, table 14 = 2066
keycode 20, table 14 = 2068
keycode 21, table 14 = 2073
keycode 22, table 14 = 2069
keycode 23, table 14 = 2057
keycode 24, table 14 = 2063
keycode 25, table 14 = 2064
keycode 28, table 14 = 513
keycode 29, table 14 = 1794
keycode 30, table 14 = 2049
keycode 31, table 14 = 2067
keycode 32, table 14 = 2052
keycode 33, table 14 = 2054
keycode 34, table 14 = 2055
keycode 35, table 14 = 2056
keycode 36, table 14 = 2058
keycode 37, table 14 = 2059
keycode 38, table 14 = 2060
keycode 42, table 14 = 1792
keycode 44, table 14 = 2074
keycode 45, table 14 = 2072
keycode 46, table 14 = 2051
keycode 47, table 14 = 2070
keycode 48, table 14 = 2050
keycode 49, table 14 = 2062
keycode 50, table 14 = 2061
keycode 54, table 14 = 1792
keycode 55, table 14 = 780
keycode 56, table 14 = 1795
keycode 58, table 14 = 2561
keycode 59, table 14 = 1280
keycode 60, table 14 = 1281
keycode 61, table 14 = 1282
keycode 62, table 14 = 1283
keycode 63, table 14 = 1284
keycode 64, table 14 = 1285
keycode 65, table 14 = 1286
keycode 66, table 14 = 1287
keycode 67, table 14 = 1288
keycode 68, table 14 = 1289
keycode 69, table 14 = 520
keycode 71, table 14 = 775
keycode 72, table 14 = 776
keycode 73, table 14 = 777
keycode 74, table 14 = 779
keycode 75, table 14 = 772
keycode 76, table 14 = 773
keycode 77, table 14 = 774
keycode 78, table 14 = 778
keycode 79, table 14 = 769
keycode 80, table 14 = 770
keycode 81, table 14 = 771
keycode 82, table 14 = 768
keycode 83, table 14 = 524
keycode 84, table 14 = 518
keycode 87, table 14 = 1290
keycode 88, table 14 = 1291
keycode 96, table 14 = 782
keycode 97, table 14 = 1794
keycode 98, table 14 = 781
keycode 99, table 14 = 512
keycode 100, table 14 = 1793
keycode 101, table 14 = 517
keycode 102, table 14 = 276
keycode 103, table 14 = 1539
keycode 104, table 14 = 280
keycode 105, table 14 = 1537
keycode 106, table 14 = 1538
keycode 107, table 14 = 279
keycode 108, table 14 = 1536
keycode 109, table 14 = 281
keycode 110, table 14 = 277
keycode 111, table 14 = 524

Changed 1112 keys
Changed 32 strings
(No change in compose definitions)
