#
# Character table extracted from font
#
0x000	U+0000 U+2264
0x001	U+0001 U+2265
0x002	U+0002 U+2320
0x003	U+0003 U+2321
0x004	U+0004 U+00f7
0x005	U+0005 U+0402
0x006	U+0006 U+0403
0x007	U+0007 U+0405
0x008	U+0008 U+0406
0x009	U+0009 U+0408
0x00a	U+000a U+0409
0x00b	U+000b U+040a
0x00c	U+000c U+040b
0x00d	U+000d U+040c
0x00e	U+000e U+040f
0x00f	U+000f U+0490
0x010	U+0010 U+2248
0x011	U+0011 U+00a9
0x012	U+0012 U+00b2
0x013	U+0013 U+00ae
0x014	U+0014 U+20ac
0x015	U+0015 U+0452
0x016	U+0016 U+0453
0x017	U+0017 U+0455
0x018	U+0018 U+0456
0x019	U+0019 U+0458
0x01a	U+001a U+0459
0x01b	U+001b U+045a
0x01c	U+001c U+045b
0x01d	U+001d U+045c
0x01e	U+001e U+045f
0x01f	U+001f U+0491
0x020	U+0020 U+00a0 U+2000 U+2001 U+2002 U+2003 U+2004 U+2005 U+2006 U+2007 U+2008 U+2009 U+200a U+202f
0x021	U+0021
0x022	U+0022
0x023	U+0023
0x024	U+0024
0x025	U+0025
0x026	U+0026
0x027	U+0027 U+2019
0x028	U+0028
0x029	U+0029
0x02a	U+002a
0x02b	U+002b
0x02c	U+002c
0x02d	U+002d U+2010 U+2012 U+2013 U+2212
0x02e	U+002e
0x02f	U+002f
0x030	U+0030
0x031	U+0031
0x032	U+0032
0x033	U+0033
0x034	U+0034
0x035	U+0035
0x036	U+0036
0x037	U+0037
0x038	U+0038
0x039	U+0039
0x03a	U+003a
0x03b	U+003b
0x03c	U+003c
0x03d	U+003d
0x03e	U+003e
0x03f	U+003f
0x040	U+0040
0x041	U+0041
0x042	U+0042
0x043	U+0043
0x044	U+0044
0x045	U+0045
0x046	U+0046
0x047	U+0047
0x048	U+0048
0x049	U+0049 U+04c0
0x04a	U+004a
0x04b	U+004b
0x04c	U+004c
0x04d	U+004d
0x04e	U+004e
0x04f	U+004f
0x050	U+0050
0x051	U+0051
0x052	U+0052
0x053	U+0053
0x054	U+0054
0x055	U+0055
0x056	U+0056
0x057	U+0057
0x058	U+0058
0x059	U+0059
0x05a	U+005a
0x05b	U+005b
0x05c	U+005c
0x05d	U+005d
0x05e	U+005e
0x05f	U+005f
0x060	U+0060 U+2018
0x061	U+0061
0x062	U+0062
0x063	U+0063
0x064	U+0064
0x065	U+0065
0x066	U+0066
0x067	U+0067
0x068	U+0068
0x069	U+0069
0x06a	U+006a
0x06b	U+006b
0x06c	U+006c
0x06d	U+006d
0x06e	U+006e
0x06f	U+006f
0x070	U+0070
0x071	U+0071
0x072	U+0072
0x073	U+0073
0x074	U+0074
0x075	U+0075
0x076	U+0076
0x077	U+0077
0x078	U+0078
0x079	U+0079
0x07a	U+007a
0x07b	U+007b
0x07c	U+007c
0x07d	U+007d
0x07e	U+007e
0x07f	U+007f U+2302
0x080	U+0410
0x081	U+0411
0x082	U+0412
0x083	U+0413
0x084	U+0414
0x085	U+0415
0x086	U+0416
0x087	U+0417
0x088	U+0418
0x089	U+0419
0x08a	U+041a
0x08b	U+041b
0x08c	U+041c
0x08d	U+041d
0x08e	U+041e
0x08f	U+041f
0x090	U+0420
0x091	U+0421
0x092	U+0422
0x093	U+0423
0x094	U+0424
0x095	U+0425
0x096	U+0426
0x097	U+0427
0x098	U+0428
0x099	U+0429
0x09a	U+042a
0x09b	U+042b
0x09c	U+042c
0x09d	U+042d
0x09e	U+042e
0x09f	U+042f
0x0a0	U+0430
0x0a1	U+0431
0x0a2	U+0432
0x0a3	U+0433
0x0a4	U+0434
0x0a5	U+0435
0x0a6	U+0436
0x0a7	U+0437
0x0a8	U+0438
0x0a9	U+0439
0x0aa	U+043a
0x0ab	U+043b
0x0ac	U+043c
0x0ad	U+043d
0x0ae	U+043e
0x0af	U+043f
0x0b0	U+2591
0x0b1	U+2592
0x0b2	U+2593
0x0b3	U+2502
0x0b4	U+2524
0x0b5	U+2561
0x0b6	U+2562
0x0b7	U+2556
0x0b8	U+2555
0x0b9	U+2563
0x0ba	U+2551
0x0bb	U+2557
0x0bc	U+255d
0x0bd	U+255c
0x0be	U+255b
0x0bf	U+2510
0x0c0	U+2514
0x0c1	U+2534
0x0c2	U+252c
0x0c3	U+251c
0x0c4	U+2500
0x0c5	U+253c
0x0c6	U+255e
0x0c7	U+255f
0x0c8	U+255a
0x0c9	U+2554
0x0ca	U+2569
0x0cb	U+2566
0x0cc	U+2560
0x0cd	U+2550
0x0ce	U+256c
0x0cf	U+2567
0x0d0	U+2568
0x0d1	U+2564
0x0d2	U+2565
0x0d3	U+2559
0x0d4	U+2558
0x0d5	U+2552
0x0d6	U+2553
0x0d7	U+256b
0x0d8	U+256a
0x0d9	U+2518
0x0da	U+250c
0x0db	U+2588
0x0dc	U+2584
0x0dd	U+258c
0x0de	U+2590
0x0df	U+2580
0x0e0	U+0440
0x0e1	U+0441
0x0e2	U+0442
0x0e3	U+0443
0x0e4	U+0444
0x0e5	U+0445
0x0e6	U+0446
0x0e7	U+0447
0x0e8	U+0448
0x0e9	U+0449
0x0ea	U+044a
0x0eb	U+044b
0x0ec	U+044c
0x0ed	U+044d
0x0ee	U+044e
0x0ef	U+044f
0x0f0	U+0401
0x0f1	U+0451
0x0f2	U+0404
0x0f3	U+0454
0x0f4	U+0407
0x0f5	U+0457
0x0f6	U+040e
0x0f7	U+045e
0x0f8	U+00b0
0x0f9	U+2219
0x0fa	U+00b7
0x0fb	U+221a
0x0fc	U+2116
0x0fd	U+00a4
0x0fe	U+25a0
0x0ff	U+00a7
0x100	U+049a
0x101	U+049b
0x102	U+0492
0x103	U+0493
0x104	U+04b2
0x105	U+04b3
0x106	U+0496
0x107	U+0497
0x108	U+04a2
0x109	U+04a3
0x10a	U+04a4
0x10b	U+04a5
0x10c	U+04aa
0x10d	U+04ab
0x10e	U+04ac
0x10f	U+04ad
0x110	U+04ae
0x111	U+04af
0x112	U+04b0
0x113	U+04b1
0x114	U+04b4
0x115	U+04b5
0x116	U+04b6
0x117	U+04b7
0x118	U+04b8
0x119	U+04b9
0x11a	U+04ba
0x11b	U+04bb
0x11c	U+04c1
0x11d	U+04c2
0x11e	U+04c4
0x11f	U+04c5
0x120	U+04c9
0x121	U+04ca
0x122	U+04cb
0x123	U+04cc
0x124	U+04cd
0x125	U+04ce
0x126	U+04d0
0x127	U+04d1
0x128	U+0480
0x129	U+0481
0x12a	U+048a
0x12b	U+048b
0x12c	U+048c
0x12d	U+048d
0x12e	U+048e
0x12f	U+048f
0x130	U+0494
0x131	U+0495
0x132	U+0498
0x133	U+0499
0x134	U+049e
0x135	U+049f
0x136	U+04a8
0x137	U+04a9
0x138	U+04c3
0x139	U+04c4
0x13a	U+04d6
0x13b	U+04d7
0x13c	U+04d8
0x13d	U+04d9
0x13e	U+04da
0x13f	U+04db
0x140	U+04dc
0x141	U+04dd
0x142	U+04de
0x143	U+04df
0x144	U+04e0
0x145	U+04e1
0x146	U+04e2
0x147	U+04e3
0x148	U+04e4
0x149	U+04e5
0x14a	U+04e6
0x14b	U+04e7
0x14c	U+04e8
0x14d	U+04e9
0x14e	U+04ea
0x14f	U+04eb
0x150	U+04ec
0x151	U+04ed
0x152	U+04ee
0x153	U+04ef
0x154	U+04f0
0x155	U+04f1
0x156	U+04f2
0x157	U+04f3
0x158	U+04f4
0x159	U+04f5
0x15a	U+04d2
0x15b	U+04d3
0x15c	U+04f8
0x15d	U+04f9
0x15e	
0x15f	
0x160	
0x161	
0x162	
0x163	
0x164	
0x165	
0x166	
0x167	
0x168	
0x169	
0x16a	
0x16b	
0x16c	
0x16d	
0x16e	
0x16f	
0x170	
0x171	
0x172	
0x173	
0x174	
0x175	
0x176	
0x177	
0x178	
0x179	
0x17a	
0x17b	
0x17c	
0x17d	
0x17e	
0x17f	
0x180	
0x181	
0x182	
0x183	
0x184	
0x185	
0x186	
0x187	
0x188	
0x189	
0x18a	
0x18b	
0x18c	
0x18d	
0x18e	
0x18f	
0x190	
0x191	
0x192	
0x193	
0x194	
0x195	
0x196	
0x197	
0x198	
0x199	
0x19a	
0x19b	
0x19c	
0x19d	
0x19e	
0x19f	
0x1a0	
0x1a1	
0x1a2	
0x1a3	
0x1a4	
0x1a5	
0x1a6	
0x1a7	
0x1a8	
0x1a9	
0x1aa	
0x1ab	
0x1ac	
0x1ad	
0x1ae	
0x1af	
0x1b0	
0x1b1	
0x1b2	
0x1b3	
0x1b4	
0x1b5	
0x1b6	
0x1b7	
0x1b8	
0x1b9	
0x1ba	
0x1bb	
0x1bc	
0x1bd	
0x1be	
0x1bf	
0x1c0	
0x1c1	
0x1c2	
0x1c3	
0x1c4	
0x1c5	
0x1c6	
0x1c7	
0x1c8	
0x1c9	
0x1ca	
0x1cb	
0x1cc	
0x1cd	
0x1ce	
0x1cf	
0x1d0	
0x1d1	
0x1d2	
0x1d3	
0x1d4	
0x1d5	
0x1d6	
0x1d7	
0x1d8	
0x1d9	
0x1da	
0x1db	
0x1dc	
0x1dd	
0x1de	
0x1df	
0x1e0	
0x1e1	
0x1e2	
0x1e3	
0x1e4	
0x1e5	
0x1e6	
0x1e7	
0x1e8	
0x1e9	
0x1ea	
0x1eb	
0x1ec	
0x1ed	
0x1ee	
0x1ef	
0x1f0	
0x1f1	
0x1f2	
0x1f3	
0x1f4	
0x1f5	
0x1f6	
0x1f7	
0x1f8	
0x1f9	
0x1fa	
0x1fb	
0x1fc	
0x1fd	
0x1fe	
0x1ff	
